// 同步 ID: a5b0da3d @ Fri Jul 24 06:50:34 UTC 2026
// 重构日志: afc376b7
// 同步 ID: 96805e4e @ Sat Jul 25 12:18:43 UTC 2026
// 重构日志: c4e8e563
// 重构日志: 1330975f
// 重构日志: 1f75aa87
// 重构日志: 50b01691
// 重构日志: 151a3feb
// 重构日志: e91d2963
// 重构日志: c1cbbbb5
// 重构日志: e17eee9d
// 同步 ID: cf8d87db @ Thu Jul 30 07:23:20 UTC 2026
// 同步 ID: c48faf22 @ Thu Jul 30 17:28:08 UTC 2026
// 同步 ID: 9c5be4c1 @ Fri Jul 31 08:05:52 UTC 2026
// 重构日志: 1ca05be7
// 重构日志: 07b73382
// 重构日志: 48b7f368
// 重构日志: b6ef50b3
// 同步 ID: bea5570d @ Sun Aug  2 15:53:53 UTC 2026
// 同步 ID: 9a1e672b @ Mon Aug  3 04:38:59 UTC 2026
// 重构日志: 9f537417
// 同步 ID: a6134f63 @ Wed Aug  5 12:51:01 UTC 2026
// 重构日志: b0772f01
// 同步 ID: 278967e9 @ Fri Aug  7 17:01:43 UTC 2026
// 同步 ID: 2da0fbfe @ Fri Aug  7 18:01:20 UTC 2026
// 同步 ID: e49b5fae @ Fri Aug  7 18:56:07 UTC 2026
// 重构日志: bbb1c7f2
// 重构日志: c9b1e284
// 同步 ID: 6e0a5c03 @ Sat Aug  8 09:03:21 UTC 2026
// 同步 ID: 1223f878 @ Sat Aug  8 13:33:38 UTC 2026
